    Finished `test` profile [unoptimized + debuginfo] target(s) in 0.01s
     Running unittests src/lib.rs (target/debug/deps/gust_lexer-bf99e073fa2d1ac0)

running 0 tests

test result: ok. 0 passed; 0 failed; 0 ignored; 0 measured; 29 filtered out; finished in 0.00s

     Running unittests src/main.rs (target/debug/deps/gust_lexer-7a8a3a98eadb1336)

running 0 tests

test result: ok. 0 passed; 0 failed; 0 ignored; 0 measured; 0 filtered out; finished in 0.00s

     Running tests/compile_tests.rs (target/debug/deps/compile_tests-a4612fd2c1b79780)

running 0 tests

test result: ok. 0 passed; 0 failed; 0 ignored; 0 measured; 161 filtered out; finished in 0.00s

     Running tests/e2e_tests.rs (target/debug/deps/e2e_tests-1f97f3aedf1a4f5d)

running 0 tests

test result: ok. 0 passed; 0 failed; 0 ignored; 0 measured; 67 filtered out; finished in 0.00s

